
> singit-solution@0.0.1 compile /Users/doronbenelisha/Benlish/SingitSubmit
> tsc --noEmit -p . --pretty

